#-----------------------------------------------------------
# Vivado v2018.1 (64-bit)
# SW Build 2188600 on Wed Apr  4 18:40:38 MDT 2018
# IP Build 2185939 on Wed Apr  4 20:55:05 MDT 2018
# Start of session at: Thu Mar 25 11:18:05 2021
# Process ID: 17556
# Current directory: E:/ELEC 4200/lab9/9_1
# Command line: vivado.exe -gui_launcher_event rodinguilauncherevent14604 E:\ELEC 4200\lab9\9_1\9_1.xpr
# Log file: E:/ELEC 4200/lab9/9_1/vivado.log
# Journal file: E:/ELEC 4200/lab9/9_1\vivado.jou
#-----------------------------------------------------------
start_gui
open_project {E:/ELEC 4200/lab9/9_1/9_1.xpr}
update_compile_order -fileset sources_1
save_project_as 9_1_2018 {E:/ELEC 4200/lab9/9_1_2018} -force
import_files
launch_runs impl_1 -to_step write_bitstream -jobs 4
wait_on_run impl_1
reset_run synth_1
launch_runs impl_1 -to_step write_bitstream -jobs 4
wait_on_run impl_1
reset_run synth_1
launch_runs impl_1 -to_step write_bitstream -jobs 4
wait_on_run impl_1
reset_run synth_1
launch_simulation
source tb_3_3.tcl
close_sim
launch_simulation
source tb_3_3.tcl
close_sim
launch_simulation
source tb_3_3.tcl
close_sim
launch_simulation
source tb_3_3.tcl
close_sim
