#-----------------------------------------------------------
# Vivado v2021.1 (64-bit)
# SW Build 3247384 on Thu Jun 10 19:36:33 MDT 2021
# IP Build 3246043 on Fri Jun 11 00:30:35 MDT 2021
# Start of session at: Mon Sep 27 11:56:22 2021
# Process ID: 6032
# Current directory: C:/Users/bobog/Desktop/School/ELEC 4200/lab5/project_5_1
# Command line: vivado.exe -gui_launcher_event rodinguilauncherevent21848 C:\Users\bobog\Desktop\School\ELEC 4200\lab5\project_5_1\project_5_1.xpr
# Log file: C:/Users/bobog/Desktop/School/ELEC 4200/lab5/project_5_1/vivado.log
# Journal file: C:/Users/bobog/Desktop/School/ELEC 4200/lab5/project_5_1\vivado.jou
#-----------------------------------------------------------
start_gui
open_project -read_only {C:/Users/bobog/Desktop/School/ELEC 4200/lab5/project_5_1/project_5_1.xpr}
update_compile_order -fileset sources_1
open_project -read_only {C:/Users/bobog/Desktop/School/ELEC 4200/lab5/project_5_2/project_5_2.xpr}
update_compile_order -fileset sources_1
open_project -read_only {C:/Users/bobog/Desktop/School/ELEC 4200/lab5/project_5_3/project_5_3.xpr}
update_compile_order -fileset sources_1
current_project project_5_1
close_project
current_project project_5_2
close_project
