#-----------------------------------------------------------
# Vivado v2021.1 (64-bit)
# SW Build 3247384 on Thu Jun 10 19:36:33 MDT 2021
# IP Build 3246043 on Fri Jun 11 00:30:35 MDT 2021
# Start of session at: Wed Oct 20 20:21:49 2021
# Process ID: 9072
# Current directory: C:/Users/bobog/Desktop/School/ELEC 4200/lab8/Extra/Lab8(1)/Lab8
# Command line: vivado.exe -gui_launcher_event rodinguilauncherevent17540 C:\Users\bobog\Desktop\School\ELEC 4200\lab8\Extra\Lab8(1)\Lab8\Lab8.xpr
# Log file: C:/Users/bobog/Desktop/School/ELEC 4200/lab8/Extra/Lab8(1)/Lab8/vivado.log
# Journal file: C:/Users/bobog/Desktop/School/ELEC 4200/lab8/Extra/Lab8(1)/Lab8\vivado.jou
#-----------------------------------------------------------
start_gui
open_project {C:/Users/bobog/Desktop/School/ELEC 4200/lab8/Extra/Lab8(1)/Lab8/Lab8.xpr}
update_compile_order -fileset sources_1
open_project {C:/Users/bobog/Desktop/School/ELEC 4200/lab8/Extra/Lab8/Lab8/Lab8.xpr}
update_compile_order -fileset sources_1
close_project
