#-----------------------------------------------------------
# Vivado v2021.1 (64-bit)
# SW Build 3247384 on Thu Jun 10 19:36:33 MDT 2021
# IP Build 3246043 on Fri Jun 11 00:30:35 MDT 2021
# Start of session at: Tue Sep 14 12:59:16 2021
# Process ID: 25888
# Current directory: C:/Users/bobog/Desktop/School/ELEC 4200/lab3/project_3_1
# Command line: vivado.exe -gui_launcher_event rodinguilauncherevent28316 C:\Users\bobog\Desktop\School\ELEC 4200\lab3\project_3_1\project_3_1.xpr
# Log file: C:/Users/bobog/Desktop/School/ELEC 4200/lab3/project_3_1/vivado.log
# Journal file: C:/Users/bobog/Desktop/School/ELEC 4200/lab3/project_3_1\vivado.jou
#-----------------------------------------------------------
start_gui
open_project -read_only {C:/Users/bobog/Desktop/School/ELEC 4200/lab3/project_3_1/project_3_1.xpr}
update_compile_order -fileset sources_1
close_project
open_project -read_only {C:/Users/bobog/Desktop/School/ELEC 4200/lab3/project_3_2/project_3_2.xpr}
update_compile_order -fileset sources_1
close_project
open_project -read_only {C:/Users/bobog/Desktop/School/ELEC 4200/lab3/project_3_3/project_3_3.xpr}
update_compile_order -fileset sources_1
close_project
open_project -read_only {C:/Users/bobog/Desktop/School/ELEC 4200/lab3/project_3_4/project_3_4.xpr}
update_compile_order -fileset sources_1
close_project
open_project -read_only {C:/Users/bobog/Desktop/School/ELEC 4200/lab3/project_3_5/project_3_5.xpr}
update_compile_order -fileset sources_1
